// Jest Snapshot v1, https://goo.gl/fbAQLP

exports[`Styled Button renders correctly 1`] = `
<button
  className="css-1lx6yn5"
>
  hello
</button>
`;
