// Jest Snapshot v1, https://goo.gl/fbAQLP

exports[`Styled Label renders correctly 1`] = `
<div
  className="css-16j4y09"
>
  <svg
    className="h-6 w-6"
    fill="none"
    stroke="currentColor"
    viewBox="0 0 24 24"
    xmlns="http://www.w3.org/2000/svg"
  >
    <path
      d="M3 3h2l.4 2M7 13h10l4-8H5.4M7 13L5.4 5M7 13l-2.293 2.293c-.63.63-.184 1.707.707 1.707H17m0 0a2 2 0 100 4 2 2 0 000-4zm-8 2a2 2 0 11-4 0 2 2 0 014 0z"
      strokeLinecap="round"
      strokeLinejoin="round"
      strokeWidth={2}
    />
  </svg>
  <h1>
    No order yet
  </h1>
</div>
`;
