// Jest Snapshot v1, https://goo.gl/fbAQLP

exports[`Styled SearchEmpty renders correctly 1`] = `
<div
  className="css-16j4y09"
>
  <svg
    className="h-6 w-6"
    fill="none"
    stroke="currentColor"
    viewBox="0 0 24 24"
    xmlns="http://www.w3.org/2000/svg"
  >
    <path
      d="M21 21l-6-6m2-5a7 7 0 11-14 0 7 7 0 0114 0z"
      strokeLinecap="round"
      strokeLinejoin="round"
      strokeWidth="2"
    />
  </svg>
  <h1>
    Item not found
  </h1>
</div>
`;
